// Jest Snapshot v1, https://goo.gl/fbAQLP

exports[`App test suite Should component match the snapshot 1`] = `
<Fragment>
  <BrowserRouter>
    <SearchBar
      resetSearch={[Function]}
      searchQuery={null}
      setSearchQuery={[Function]}
    />
    <Container
      fluid={false}
    >
      <BreadCrumb
        categories={null}
      />
      <div
        className="main-content_body main-content_container"
      >
        <Switch>
          <Route
            component={[Function]}
            exact={true}
            path="/items"
          />
          <Route
            component={[Function]}
            path="/items/:id"
          />
          <Route
            exact={true}
            path="/"
          >
            <Home
              resetSearch={[Function]}
            />
          </Route>
        </Switch>
      </div>
    </Container>
  </BrowserRouter>
</Fragment>
`;
